Initialized native services in: C:\Users\TCCSPL\.gradle\native
Initialized jansi services in: C:\Users\TCCSPL\.gradle\native
